{
  "status": "PASS_PURE_PACKET_DECODER_AND_SOURCE_DIRECT_CHILD_CLEANUP_ONLY",
  "decodePositive": 1,
  "decodeRefusals": [
    "absolute",
    "traversal",
    "unknown-member-key",
    "unknown-envelope",
    "short-payload",
    "wronghash",
    "stale-count",
    "wrong-total",
    "runtime-credit",
    "other-root",
    "too-many",
    "unknown-owner",
    "duplicate",
    "ancestor",
    "reserved",
    "double-slash",
    "backslash",
    "scope-exactPacketFiles",
    "scope-exactPacketLogicalBytes",
    "scope-exactPayloadBytes",
    "scope-payloadSHA256",
    "scope-manifestCanonicalSHA256"
  ],
  "sourceCleanupCases": [
    {
      "case": "owned",
      "events": [
        "kill",
        "wait",
        "save"
      ],
      "authorityRetiredBeforeWait": true
    },
    {
      "case": "wait-gap",
      "events": [
        "kill",
        "wait",
        "save"
      ],
      "authorityRetiredBeforeWait": true
    },
    {
      "case": "already-waited",
      "events": [
        "save"
      ],
      "authorityRetiredBeforeWait": true
    },
    {
      "case": "no-handle",
      "events": [
        "save"
      ],
      "authorityRetiredBeforeWait": false
    },
    {
      "case": "kill-failed",
      "events": [
        "kill",
        "wait",
        "save"
      ],
      "authorityRetiredBeforeWait": true
    }
  ],
  "actualSourceValidLastCases": [
    {
      "fault": "none",
      "events": [
        "selector-close",
        "write-stdout",
        "flush-stdout",
        "fsync-stdout",
        "write-stderr",
        "flush-stderr",
        "fsync-stderr",
        "save-terminal.json",
        "save-completion.json"
      ],
      "completionPublished": true
    },
    {
      "fault": "stdout-fsync",
      "events": [
        "selector-close",
        "write-stdout",
        "flush-stdout",
        "fsync-stdout"
      ],
      "completionPublished": false
    },
    {
      "fault": "stderr-fsync",
      "events": [
        "selector-close",
        "write-stdout",
        "flush-stdout",
        "fsync-stdout",
        "write-stderr",
        "flush-stderr",
        "fsync-stderr"
      ],
      "completionPublished": false
    },
    {
      "fault": "terminal-save",
      "events": [
        "selector-close",
        "write-stdout",
        "flush-stdout",
        "fsync-stdout",
        "write-stderr",
        "flush-stderr",
        "fsync-stderr"
      ],
      "completionPublished": false
    }
  ],
  "actualInstallTransferProcessCalls": 0
}
