{
  "status": "PASS_PURE_FIXED_AUDITED_PRODUCERS_SOURCE_COMPILER6_ONLY",
  "fixedSourceAndCandidateReusePositive": true,
  "fixedCompilerCases": 6,
  "refusedMutants": [
    "seventh-case",
    "wrong-OFF-order",
    "invented-stage-certificate",
    "changed-compiler-fuel",
    "changed-fixture",
    "changed-original-statemate",
    "changed-profile",
    "wrong-candidate-native",
    "wrong-candidate-container",
    "wrong-existing-proof-hash",
    "rewritten-old-build-GO",
    "wrong-old-build-receipt",
    "wrong-old-SOURCE-lineage",
    "wrong-owned-definition",
    "wrong-guest-boundary-0",
    "extra-output-0",
    "wrong-guest-boundary-1",
    "extra-output-1",
    "wrong-guest-boundary-2",
    "extra-output-2",
    "wrong-guest-boundary-3",
    "extra-output-3",
    "wrong-guest-boundary-4",
    "extra-output-4",
    "wrong-guest-boundary-5",
    "extra-output-5",
    "GO-extra",
    "GO-guest",
    "GO-C2",
    "GO-retry",
    "GO-seventh",
    "seventh-before-adapter-setup",
    "resource-row-missing",
    "finite-limit-raised",
    "unknown-env"
  ],
  "operationalCalls": 0,
  "stageCertificateQualified": false
}
