{
  "nativeStatePairs": 427,
  "typedFullStatePairs": 282,
  "sentinelPairs": 15,
  "capNativeOutputs": 152,
  "unitLines": 5227,
  "formalGates": 7,
  "standaloneObservations": 435,
  "permanentFixtures": 593,
  "permanentObservations": 25658,
  "machineProjection": {
    "exactWords": 83090,
    "edges": 19040,
    "literalWords": 188,
    "handleChecksDeleted": 631,
    "boundsDeleted": 732,
    "functions": 1898,
    "events": 66502,
    "fixes": 10827,
    "privateAux1": 578
  },
  "offlineMachineMutations": 8,
  "offlineIrMutations": 3,
  "zeroFuelSuccessfulReturns": 21,
  "selectedMembers": 5864,
  "freshNativeRuns": 0,
  "freshSolverRuns": 0,
  "performanceMeasurements": 0,
  "unselectedExternalReads": 0,
  "status": "PASS selected copied offline native evidence replay",
  "trustBoundary": [
    "Hashes establish selected artifact identity, not historical execution authenticity by themselves. Native stdout/status receipts are captured prior executions; this replay does not execute native or solvers.",
    "Pairwise equality includes fuel/partialwrites/traps. Successful product return with remaining fuel0 is legal; diagnostic trap is determined by exit/status, not remaining0 alone.",
    "Per-observation permanent file checks were executed by original harness; offline rows preserve result/stdout/fuel oracles and binding, not fresh per-row filesystem effects.",
    "Finite machine/IR projection and tested resource/sameM states do not prove all dynamic paths or universal OS stack boundary parity.",
    "Owner inventory references outside selection are provenance, not required replay paths. No timing or adoption claim.",
    "Some inherited raw auditor report text mentions older candidate labels; actual archived paths/source/native924 are authoritative bindings."
  ]
}
