START 2026-09-08 19:45:57 JST
19:45  up 66 days, 20:17, 0 users, load averages: 1.41 1.50 1.52
=== ABL1-noInline rep1 19:45:57 load= 1.41 1.50 1.52 ===
kernel(100)=110550153
warmup_iters=1864000
load1_at_warmup_end=1.654296875
recorded_iters=7470000 in 20s wall_ns_per_call=2677.384856091031
load1_at_record_end=1.59814453125
events={jdk.ExecutionSample=419} total_stack_samples=419
STACK EXCLUSIVE_leaf call=0.2% (1/419) eval=22.9% (96/419)
STACK INCLUSIVE_onstack call=98.1% (411/419) eval=84.5% (354/419)
STACK top20_leaf:
   22.91%      96 com.dylibso.chicory.runtime.InterpreterMachine.eval
    9.55%      40 java.lang.invoke.DirectMethodHandle$Holder.newInvokeSpecial
    9.07%      38 java.lang.invoke.DirectMethodHandle.allocateInstance
    5.25%      22 com.dylibso.chicory.runtime.StackFrame.loadCurrentInstruction
    4.77%      20 com.dylibso.chicory.runtime.InterpreterMachine.LOCAL_GET
    4.53%      19 com.dylibso.chicory.runtime.StackFrame.<init>
    4.30%      18 java.util.ImmutableCollections$ListN.get
    4.30%      18 com.dylibso.chicory.runtime.StackFrame.terminated
    3.10%      13 com.dylibso.chicory.runtime.InterpreterMachine$$Lambda.0x00003ffe0105c438.<init>
    2.86%      12 java.lang.invoke.Invokers$Holder.linkToTargetMethod
    2.15%       9 com.dylibso.chicory.wasm.types.ValType.sizeOf
    2.15%       9 com.dylibso.chicory.runtime.InterpreterMachine.LOCAL_SET
    1.91%       8 com.dylibso.chicory.runtime.MStack.push
    1.67%       7 com.dylibso.chicory.wasm.types.ValType.equals
    1.67%       7 java.util.ImmutableCollections$AbstractImmutableList.iterator
    1.67%       7 java.util.ImmutableCollections$ListItr.next
    1.43%       6 com.dylibso.chicory.runtime.MStack.pop
    1.19%       5 java.lang.invoke.DirectMethodHandle.constructorMethod
    1.19%       5 com.dylibso.chicory.runtime.Instance.onExecution
    1.19%       5 java.util.ImmutableCollections$ListN.size
STACK top20_onstack:
   99.28%     416 JaJfrDispatchShareV2FIX.main
   98.81%     414 com.dylibso.chicory.runtime.Instance$Exports$$Lambda.0x00003ffe0105b8f8.apply
   98.81%     414 com.dylibso.chicory.runtime.Instance$Exports.lambda$function$0
   98.09%     411 com.dylibso.chicory.runtime.InterpreterMachine.call
   84.49%     354 com.dylibso.chicory.runtime.InterpreterMachine.eval
   25.78%     108 java.lang.invoke.Invokers$Holder.linkToTargetMethod
   22.91%      96 java.lang.invoke.DirectMethodHandle$Holder.newInvokeSpecial
   12.41%      52 com.dylibso.chicory.runtime.StackFrame.<init>
    9.07%      38 java.lang.invoke.DirectMethodHandle.allocateInstance
    8.59%      36 com.dylibso.chicory.runtime.StackFrame.loadCurrentInstruction
    7.16%      30 com.dylibso.chicory.wasm.types.ValType.sizeOf
    6.92%      29 com.dylibso.chicory.runtime.InterpreterMachine.LOCAL_GET
    5.25%      22 com.dylibso.chicory.runtime.StackFrame.terminated
    4.30%      18 java.util.ImmutableCollections$ListN.get
    3.82%      16 com.dylibso.chicory.runtime.InterpreterMachine.LOCAL_SET
    3.10%      13 com.dylibso.chicory.runtime.InterpreterMachine$$Lambda.0x00003ffe0105c438.<init>
    2.39%      10 java.util.ImmutableCollections$AbstractImmutableList.iterator
    1.91%       8 com.dylibso.chicory.runtime.MStack.push
    1.91%       8 java.util.ImmutableCollections$ListItr.next
    1.67%       7 com.dylibso.chicory.wasm.types.ValType.equals
METHODSAMPLE events=0 total_weight_ns=0 distinct_methods=0
ABL1-r1 exit=0
=== ABL2-c1only rep1 19:46:22 load= 1.60 1.54 1.53 ===
kernel(100)=110550153
warmup_iters=697200
load1_at_warmup_end=1.6298828125
recorded_iters=2821200 in 20s wall_ns_per_call=7089.605664256344
load1_at_record_end=1.728515625
events={jdk.ExecutionSample=43} total_stack_samples=43
STACK EXCLUSIVE_leaf call=0 eval=2.3% (1/43)
STACK INCLUSIVE_onstack call=95.3% (41/43) eval=60.5% (26/43)
STACK top20_leaf:
   18.60%       8 com.dylibso.chicory.runtime.InterpreterMachine.BLOCK
    9.30%       4 java.util.ImmutableCollections$ListItr.next
    9.30%       4 java.util.ImmutableCollections$ListN.get
    6.98%       3 java.util.ImmutableCollections$AbstractImmutableList.iterator
    6.98%       3 com.dylibso.chicory.runtime.StackFrame.<init>
    6.98%       3 com.dylibso.chicory.wasm.types.ValType.sizeOf
    6.98%       3 com.dylibso.chicory.runtime.Instance.onExecution
    4.65%       2 java.util.ImmutableCollections$ListN.size
    4.65%       2 com.dylibso.chicory.runtime.StackFrame.loadCurrentInstruction
    2.33%       1 java.lang.invoke.DirectMethodHandle.allocateInstance
    2.33%       1 com.dylibso.chicory.runtime.InterpreterMachine.I64_SUB
    2.33%       1 com.dylibso.chicory.runtime.InterpreterMachine.I64_ADD
    2.33%       1 com.dylibso.chicory.runtime.StackFrame.ctrlStackSize
    2.33%       1 jdk.internal.misc.Unsafe.allocateInstance
    2.33%       1 jdk.internal.util.ArraysSupport.newLength
    2.33%       1 jdk.jfr.internal.PlatformRecording.isToDisk
    2.33%       1 com.dylibso.chicory.runtime.InterpreterMachine.LOCAL_SET
    2.33%       1 jdk.jfr.internal.periodic.PeriodicEvents.doPeriodic
    2.33%       1 com.dylibso.chicory.runtime.StackFrame.popCtrl
    2.33%       1 com.dylibso.chicory.runtime.InterpreterMachine.eval
STACK top20_onstack:
   95.35%      41 com.dylibso.chicory.runtime.Instance$Exports$$Lambda.0x00000f800105b8f8.apply
   95.35%      41 JaJfrDispatchShareV2FIX.main
   95.35%      41 com.dylibso.chicory.runtime.InterpreterMachine.call
   95.35%      41 com.dylibso.chicory.runtime.Instance$Exports.lambda$function$0
   60.47%      26 com.dylibso.chicory.runtime.InterpreterMachine.eval
   30.23%      13 com.dylibso.chicory.runtime.StackFrame.<init>
   25.58%      11 com.dylibso.chicory.wasm.types.ValType.sizeOf
   18.60%       8 com.dylibso.chicory.runtime.InterpreterMachine.BLOCK
   13.95%       6 com.dylibso.chicory.runtime.StackFrame.loadCurrentInstruction
    9.30%       4 java.util.ImmutableCollections$AbstractImmutableList.iterator
    9.30%       4 java.util.ImmutableCollections$ListN.get
    9.30%       4 java.util.ImmutableCollections$ListItr.next
    6.98%       3 com.dylibso.chicory.runtime.Instance.onExecution
    4.65%       2 java.lang.Thread.run
    4.65%       2 java.lang.Thread.runWith
    4.65%       2 jdk.jfr.internal.PlatformRecorder.lambda$startDiskMonitor$0
    4.65%       2 java.lang.invoke.Invokers$Holder.linkToTargetMethod
    4.65%       2 jdk.jfr.internal.PlatformRecorder$$Lambda.0x00000f800106a090.run
    4.65%       2 java.lang.invoke.DirectMethodHandle$Holder.newInvokeSpecial
    4.65%       2 java.util.ImmutableCollections$ListN.size
METHODSAMPLE events=0 total_weight_ns=0 distinct_methods=0
ABL2-r1 exit=0
=== ABL1-noInline rep2 19:46:47 load= 1.73 1.58 1.54 ===
kernel(100)=110550153
warmup_iters=1816200
load1_at_warmup_end=1.669921875
recorded_iters=7113600 in 20s wall_ns_per_call=2811.5914643780925
load1_at_record_end=1.63916015625
events={jdk.ExecutionSample=409} total_stack_samples=409
STACK EXCLUSIVE_leaf call=0.2% (1/409) eval=20.8% (85/409)
STACK INCLUSIVE_onstack call=98.0% (401/409) eval=80.7% (330/409)
STACK top20_leaf:
   20.78%      85 com.dylibso.chicory.runtime.InterpreterMachine.eval
   10.27%      42 java.lang.invoke.DirectMethodHandle$Holder.newInvokeSpecial
    6.36%      26 com.dylibso.chicory.runtime.StackFrame.terminated
    5.62%      23 java.lang.invoke.DirectMethodHandle.allocateInstance
    5.38%      22 java.lang.invoke.Invokers$Holder.linkToTargetMethod
    4.40%      18 com.dylibso.chicory.runtime.StackFrame.loadCurrentInstruction
    4.16%      17 com.dylibso.chicory.wasm.types.ValType.sizeOf
    3.91%      16 com.dylibso.chicory.runtime.StackFrame.<init>
    3.42%      14 java.util.ImmutableCollections$AbstractImmutableList.iterator
    3.18%      13 java.lang.invoke.DirectMethodHandle.constructorMethod
    2.69%      11 java.util.ImmutableCollections$ListN.get
    2.69%      11 com.dylibso.chicory.wasm.types.ValType.equals
    2.44%      10 com.dylibso.chicory.runtime.InterpreterMachine.LOCAL_GET
    1.96%       8 com.dylibso.chicory.runtime.MStack.pop
    1.96%       8 com.dylibso.chicory.runtime.InterpreterMachine$$Lambda.0x00000f800105c438.<init>
    1.71%       7 com.dylibso.chicory.runtime.StackFrame.ctrlStackSize
    1.71%       7 com.dylibso.chicory.runtime.MStack.push
    1.47%       6 com.dylibso.chicory.runtime.InterpreterMachine.LOCAL_SET
    1.22%       5 com.dylibso.chicory.runtime.InterpreterMachine$$Lambda.0x00000f800105c438.get
    0.98%       4 java.util.ImmutableCollections$ListN.size
STACK top20_onstack:
   98.78%     404 com.dylibso.chicory.runtime.Instance$Exports$$Lambda.0x00000f800105b8f8.apply
   98.78%     404 JaJfrDispatchShareV2FIX.main
   98.53%     403 com.dylibso.chicory.runtime.Instance$Exports.lambda$function$0
   98.04%     401 com.dylibso.chicory.runtime.InterpreterMachine.call
   80.68%     330 com.dylibso.chicory.runtime.InterpreterMachine.eval
   26.41%     108 java.lang.invoke.Invokers$Holder.linkToTargetMethod
   21.03%      86 java.lang.invoke.DirectMethodHandle$Holder.newInvokeSpecial
   15.40%      63 com.dylibso.chicory.runtime.StackFrame.<init>
   10.27%      42 com.dylibso.chicory.wasm.types.ValType.sizeOf
    7.33%      30 com.dylibso.chicory.runtime.StackFrame.terminated
    6.85%      28 com.dylibso.chicory.runtime.StackFrame.loadCurrentInstruction
    5.62%      23 java.lang.invoke.DirectMethodHandle.allocateInstance
    4.89%      20 com.dylibso.chicory.runtime.InterpreterMachine.LOCAL_GET
    3.91%      16 java.util.ImmutableCollections$AbstractImmutableList.iterator
    3.18%      13 java.lang.invoke.DirectMethodHandle.constructorMethod
    3.18%      13 com.dylibso.chicory.runtime.InterpreterMachine.LOCAL_SET
    2.69%      11 java.util.ImmutableCollections$ListN.get
    2.69%      11 com.dylibso.chicory.wasm.types.ValType.equals
    2.20%       9 com.dylibso.chicory.runtime.InterpreterMachine$$Lambda.0x00000f800105c438.get
    2.20%       9 com.dylibso.chicory.runtime.InterpreterMachine.I64_SUB
METHODSAMPLE events=0 total_weight_ns=0 distinct_methods=0
ABL1-r2 exit=0
=== ABL2-c1only rep2 19:47:12 load= 1.64 1.56 1.54 ===
kernel(100)=110550153
warmup_iters=700000
load1_at_warmup_end=1.748046875
recorded_iters=2786200 in 20s wall_ns_per_call=7178.517500179456
load1_at_record_end=1.6953125
events={jdk.ExecutionSample=39} total_stack_samples=39
STACK EXCLUSIVE_leaf call=0 eval=12.8% (5/39)
STACK INCLUSIVE_onstack call=100.0% (39/39) eval=82.1% (32/39)
STACK top20_leaf:
   30.77%      12 com.dylibso.chicory.runtime.InterpreterMachine.BLOCK
   12.82%       5 com.dylibso.chicory.runtime.InterpreterMachine.eval
    7.69%       3 com.dylibso.chicory.runtime.MStack.push
    7.69%       3 com.dylibso.chicory.wasm.types.ValType.sizeOf
    5.13%       2 java.lang.invoke.DirectMethodHandle.allocateInstance
    5.13%       2 com.dylibso.chicory.runtime.InterpreterMachine.LOCAL_GET
    5.13%       2 com.dylibso.chicory.runtime.StackFrame.ctrlStackSize
    5.13%       2 com.dylibso.chicory.wasm.types.ValType.equals
    5.13%       2 com.dylibso.chicory.runtime.StackFrame.<init>
    5.13%       2 com.dylibso.chicory.runtime.InterpreterMachine.LOCAL_SET
    2.56%       1 java.util.ImmutableCollections$ListN.size
    2.56%       1 com.dylibso.chicory.runtime.StackFrame.loadCurrentInstruction
    2.56%       1 java.util.ImmutableCollections$ListItr.next
    2.56%       1 java.util.ImmutableCollections$ListN.get
STACK top20_onstack:
  100.00%      39 com.dylibso.chicory.runtime.Instance$Exports$$Lambda.0x000003c00105b8f8.apply
  100.00%      39 JaJfrDispatchShareV2FIX.main
  100.00%      39 com.dylibso.chicory.runtime.InterpreterMachine.call
  100.00%      39 com.dylibso.chicory.runtime.Instance$Exports.lambda$function$0
   82.05%      32 com.dylibso.chicory.runtime.InterpreterMachine.eval
   30.77%      12 com.dylibso.chicory.runtime.InterpreterMachine.BLOCK
   17.95%       7 com.dylibso.chicory.runtime.StackFrame.<init>
   10.26%       4 com.dylibso.chicory.wasm.types.ValType.sizeOf
    7.69%       3 com.dylibso.chicory.runtime.InterpreterMachine.LOCAL_GET
    7.69%       3 com.dylibso.chicory.runtime.MStack.push
    5.13%       2 java.lang.invoke.DirectMethodHandle.allocateInstance
    5.13%       2 com.dylibso.chicory.runtime.StackFrame.ctrlStackSize
    5.13%       2 com.dylibso.chicory.wasm.types.ValType.equals
    5.13%       2 com.dylibso.chicory.runtime.StackFrame.loadCurrentInstruction
    5.13%       2 java.lang.invoke.Invokers$Holder.linkToTargetMethod
    5.13%       2 com.dylibso.chicory.runtime.InterpreterMachine.LOCAL_SET
    5.13%       2 java.lang.invoke.DirectMethodHandle$Holder.newInvokeSpecial
    2.56%       1 java.util.ImmutableCollections$ListN.size
    2.56%       1 com.dylibso.chicory.runtime.InterpreterMachine.I64_SUB
    2.56%       1 com.dylibso.chicory.runtime.StackFrame.terminated
METHODSAMPLE events=0 total_weight_ns=0 distinct_methods=0
ABL2-r2 exit=0
19:47  up 66 days, 20:19, 0 users, load averages: 1.70 1.58 1.54
DONE 2026-09-08 19:47:37 JST
