START 2026-09-09 10:06:24 JST
10:06  up 67 days, 10:38, 0 users, load averages: 1.42 1.46 1.52
=== ABL3-c2only rep1 10:06:24 load= 1.42 1.46 1.52 ===
kernel(100)=110550153
warmup_iters=7356600
load1_at_warmup_end=1.388671875
recorded_iters=59480400 in 40s wall_ns_per_call=672.4909318868064
load1_at_record_end=1.84228515625
events={jdk.ExecutionSample=793} total_stack_samples=793
STACK EXCLUSIVE_leaf call=3.4% (27/793) eval=3.3% (26/793)
STACK INCLUSIVE_onstack call=99.4% (788/793) eval=83.2% (660/793)
STACK top20_leaf:
   79.07%     627 com.dylibso.chicory.runtime.InterpreterMachine.numberOfParams
    9.33%      74 com.dylibso.chicory.runtime.StackFrame.<init>
    3.40%      27 com.dylibso.chicory.runtime.InterpreterMachine.call
    3.28%      26 com.dylibso.chicory.wasm.types.ValType.sizeOf
    3.28%      26 com.dylibso.chicory.runtime.InterpreterMachine.eval
    0.76%       6 com.dylibso.chicory.runtime.StackFrame.doControlTransfer
    0.25%       2 jdk.jfr.internal.MetadataRepository.flush
    0.13%       1 java.util.HashMap.putVal
    0.13%       1 jdk.jfr.internal.consumer.EventLog.update
    0.13%       1 com.dylibso.chicory.wasm.types.Value.zero
    0.13%       1 com.dylibso.chicory.wasm.types.Instruction.operand
    0.13%       1 jdk.jfr.internal.periodic.PeriodicEvents.doPeriodic
STACK top20_onstack:
   99.50%     789 JaJfrDispatchShareV2FIX.main
   99.37%     788 com.dylibso.chicory.runtime.Instance$Exports$$Lambda.0x00007ff00105b8f8.apply
   99.37%     788 com.dylibso.chicory.runtime.InterpreterMachine.call
   99.37%     788 com.dylibso.chicory.runtime.Instance$Exports.lambda$function$0
   83.23%     660 com.dylibso.chicory.runtime.InterpreterMachine.eval
   79.19%     628 com.dylibso.chicory.runtime.InterpreterMachine.numberOfParams
   79.19%     628 com.dylibso.chicory.runtime.InterpreterMachine.IF
   12.48%      99 com.dylibso.chicory.runtime.StackFrame.<init>
    3.28%      26 com.dylibso.chicory.wasm.types.ValType.sizeOf
    0.76%       6 com.dylibso.chicory.runtime.StackFrame.doControlTransfer
    0.50%       4 java.lang.Thread.run
    0.50%       4 java.lang.Thread.runWith
    0.50%       4 jdk.jfr.internal.PlatformRecorder.lambda$startDiskMonitor$0
    0.50%       4 jdk.jfr.internal.PlatformRecorder$$Lambda.0x00007ff00106a090.run
    0.50%       4 jdk.jfr.internal.PlatformRecorder.periodicTask
    0.38%       3 jdk.jfr.internal.periodic.PeriodicEvents.doPeriodic
    0.25%       2 jdk.jfr.internal.MetadataRepository.flush
    0.25%       2 jdk.jfr.internal.PlatformRecorder.flush
    0.25%       2 jdk.jfr.internal.periodic.FlushTask.execute
    0.25%       2 jdk.jfr.internal.periodic.PeriodicTask.run
METHODSAMPLE events=0 total_weight_ns=0 distinct_methods=0
ABL3-r1 exit=0
=== CTRL-default rep1 10:07:09 load= 1.84 1.57 1.55 ===
kernel(100)=110550153
warmup_iters=6971800
load1_at_warmup_end=1.7744140625
recorded_iters=54556000 in 40s wall_ns_per_call=733.1937000513234
load1_at_record_end=2.17919921875
events={jdk.ExecutionSample=875} total_stack_samples=875
STACK EXCLUSIVE_leaf call=3.7% (32/875) eval=4.2% (37/875)
STACK INCLUSIVE_onstack call=99.3% (869/875) eval=84.6% (740/875)
STACK top20_leaf:
   78.63%     688 com.dylibso.chicory.runtime.InterpreterMachine.numberOfParams
    8.46%      74 com.dylibso.chicory.runtime.StackFrame.<init>
    4.23%      37 com.dylibso.chicory.runtime.InterpreterMachine.eval
    3.66%      32 com.dylibso.chicory.runtime.InterpreterMachine.call
    2.63%      23 com.dylibso.chicory.wasm.types.ValType.sizeOf
    1.60%      14 com.dylibso.chicory.runtime.StackFrame.doControlTransfer
    0.11%       1 com.dylibso.chicory.runtime.InterpreterMachine.numberOfValuesToReturn
    0.11%       1 jdk.jfr.internal.periodic.BatchManager.getIteration
    0.11%       1 jdk.jfr.EventSettings$InternalAccess.getPlatformRecorder
    0.11%       1 jdk.jfr.internal.MetadataRepository.getInstance
    0.11%       1 jdk.jfr.internal.periodic.PeriodicEvents.doPeriodic
    0.11%       1 JaJfrDispatchShareV2FIX.main
    0.11%       1 java.util.stream.AbstractPipeline.wrapSink
STACK top20_onstack:
   99.54%     871 JaJfrDispatchShareV2FIX.main
   99.31%     869 com.dylibso.chicory.runtime.Instance$Exports$$Lambda.0x00001ff00105b8f8.apply
   99.31%     869 com.dylibso.chicory.runtime.InterpreterMachine.call
   99.31%     869 com.dylibso.chicory.runtime.Instance$Exports.lambda$function$0
   84.57%     740 com.dylibso.chicory.runtime.InterpreterMachine.eval
   78.74%     689 com.dylibso.chicory.runtime.InterpreterMachine.IF
   78.63%     688 com.dylibso.chicory.runtime.InterpreterMachine.numberOfParams
   10.74%      94 com.dylibso.chicory.runtime.StackFrame.<init>
    2.63%      23 com.dylibso.chicory.wasm.types.ValType.sizeOf
    1.60%      14 com.dylibso.chicory.runtime.StackFrame.doControlTransfer
    0.46%       4 java.lang.Thread.run
    0.46%       4 java.lang.Thread.runWith
    0.46%       4 jdk.jfr.internal.PlatformRecorder.lambda$startDiskMonitor$0
    0.46%       4 jdk.jfr.internal.PlatformRecorder$$Lambda.0x00001ff00106a090.run
    0.46%       4 jdk.jfr.internal.periodic.PeriodicEvents.doPeriodic
    0.46%       4 jdk.jfr.internal.PlatformRecorder.periodicTask
    0.23%       2 jdk.jfr.internal.periodic.FlushTask.execute
    0.23%       2 jdk.jfr.internal.periodic.PeriodicTask.run
    0.11%       1 java.util.stream.AbstractPipeline.wrapAndCopyInto
    0.11%       1 jdk.jfr.internal.periodic.BatchManager.getIteration
METHODSAMPLE events=0 total_weight_ns=0 distinct_methods=0
CTRL-r1 exit=0
=== ABL3-c2only rep2 10:07:54 load= 2.18 1.70 1.60 ===
kernel(100)=110550153
warmup_iters=6957000
load1_at_warmup_end=2.40478515625
recorded_iters=53679800 in 40s wall_ns_per_call=745.1621699410207
load1_at_record_end=2.58154296875
events={jdk.ExecutionSample=803} total_stack_samples=803
STACK EXCLUSIVE_leaf call=3.6% (29/803) eval=3.5% (28/803)
STACK INCLUSIVE_onstack call=98.0% (787/803) eval=80.8% (649/803)
STACK top20_leaf:
   76.21%     612 com.dylibso.chicory.runtime.InterpreterMachine.numberOfParams
    9.22%      74 com.dylibso.chicory.runtime.StackFrame.<init>
    4.11%      33 com.dylibso.chicory.wasm.types.ValType.sizeOf
    3.61%      29 com.dylibso.chicory.runtime.InterpreterMachine.call
    3.49%      28 com.dylibso.chicory.runtime.InterpreterMachine.eval
    1.12%       9 com.dylibso.chicory.runtime.StackFrame.doControlTransfer
    0.37%       3 jdk.jfr.internal.periodic.PeriodicEvents.doPeriodic
    0.25%       2 jdk.jfr.FlightRecorder.getFlightRecorder
    0.25%       2 com.dylibso.chicory.wasm.types.Value.zero
    0.12%       1 jdk.jfr.internal.periodic.PeriodicTask.tick
    0.12%       1 jdk.jfr.internal.periodic.FlushTask.execute
    0.12%       1 jdk.jfr.internal.MetadataRepository.flush
    0.12%       1 com.dylibso.chicory.runtime.Instance.<init>
    0.12%       1 jdk.jfr.internal.JVMSupport.ensureWithIllegalStateException
    0.12%       1 jdk.jfr.internal.PlatformRecording.isToDisk
    0.12%       1 jdk.jfr.internal.PlatformRecorder.periodicTask
    0.12%       1 java.util.stream.AbstractPipeline.evaluate
    0.12%       1 JaJfrDispatchShareV2FIX.main
    0.12%       1 jdk.jfr.internal.PlatformRecorder.flush
    0.12%       1 jdk.jfr.internal.PlatformRecorder.isToDisk
STACK top20_onstack:
   98.38%     790 JaJfrDispatchShareV2FIX.main
   98.01%     787 com.dylibso.chicory.runtime.Instance$Exports$$Lambda.0x000018000105b8f8.apply
   98.01%     787 com.dylibso.chicory.runtime.InterpreterMachine.call
   98.01%     787 com.dylibso.chicory.runtime.Instance$Exports.lambda$function$0
   80.82%     649 com.dylibso.chicory.runtime.InterpreterMachine.eval
   76.21%     612 com.dylibso.chicory.runtime.InterpreterMachine.numberOfParams
   76.21%     612 com.dylibso.chicory.runtime.InterpreterMachine.IF
   12.33%      99 com.dylibso.chicory.runtime.StackFrame.<init>
    4.11%      33 com.dylibso.chicory.wasm.types.ValType.sizeOf
    1.62%      13 java.lang.Thread.run
    1.62%      13 java.lang.Thread.runWith
    1.62%      13 jdk.jfr.internal.PlatformRecorder.lambda$startDiskMonitor$0
    1.62%      13 jdk.jfr.internal.PlatformRecorder$$Lambda.0x000018000106a090.run
    1.62%      13 jdk.jfr.internal.PlatformRecorder.periodicTask
    1.25%      10 jdk.jfr.internal.periodic.PeriodicEvents.doPeriodic
    1.12%       9 com.dylibso.chicory.runtime.StackFrame.doControlTransfer
    0.75%       6 jdk.jfr.internal.periodic.FlushTask.execute
    0.75%       6 jdk.jfr.internal.periodic.PeriodicTask.run
    0.37%       3 jdk.jfr.FlightRecorder.getFlightRecorder
    0.37%       3 jdk.jfr.EventSettings$InternalAccess.getPlatformRecorder
METHODSAMPLE events=0 total_weight_ns=0 distinct_methods=0
ABL3-r2 exit=0
=== CTRL-default rep2 10:08:39 load= 2.58 1.88 1.67 ===
kernel(100)=110550153
warmup_iters=7432200
load1_at_warmup_end=2.53466796875
recorded_iters=58350400 in 40s wall_ns_per_call=685.5148043886588
load1_at_record_end=2.66845703125
events={jdk.ExecutionSample=858} total_stack_samples=858
STACK EXCLUSIVE_leaf call=3.3% (28/858) eval=3.3% (28/858)
STACK INCLUSIVE_onstack call=99.0% (849/858) eval=85.8% (736/858)
STACK top20_leaf:
   80.54%     691 com.dylibso.chicory.runtime.InterpreterMachine.numberOfParams
    7.69%      66 com.dylibso.chicory.runtime.StackFrame.<init>
    3.26%      28 com.dylibso.chicory.runtime.InterpreterMachine.call
    3.26%      28 com.dylibso.chicory.runtime.InterpreterMachine.eval
    1.98%      17 com.dylibso.chicory.wasm.types.ValType.sizeOf
    1.98%      17 com.dylibso.chicory.runtime.StackFrame.doControlTransfer
    0.23%       2 com.dylibso.chicory.wasm.types.Value.zero
    0.23%       2 jdk.jfr.internal.periodic.PeriodicTask.run
    0.23%       2 jdk.jfr.internal.periodic.PeriodicEvents.doPeriodic
    0.12%       1 jdk.jfr.internal.JVM.flush
    0.12%       1 jdk.jfr.internal.periodic.BatchManager.getIteration
    0.12%       1 java.util.stream.AbstractPipeline.evaluate
    0.12%       1 JaJfrDispatchShareV2FIX.main
    0.12%       1 java.util.stream.AbstractPipeline.wrapSink
STACK top20_onstack:
   99.30%     852 JaJfrDispatchShareV2FIX.main
   98.95%     849 com.dylibso.chicory.runtime.Instance$Exports$$Lambda.0x000001c00105b8f8.apply
   98.95%     849 com.dylibso.chicory.runtime.InterpreterMachine.call
   98.95%     849 com.dylibso.chicory.runtime.Instance$Exports.lambda$function$0
   85.78%     736 com.dylibso.chicory.runtime.InterpreterMachine.eval
   80.54%     691 com.dylibso.chicory.runtime.InterpreterMachine.numberOfParams
   80.54%     691 com.dylibso.chicory.runtime.InterpreterMachine.IF
    9.32%      80 com.dylibso.chicory.runtime.StackFrame.<init>
    1.98%      17 com.dylibso.chicory.wasm.types.ValType.sizeOf
    1.98%      17 com.dylibso.chicory.runtime.StackFrame.doControlTransfer
    0.70%       6 java.lang.Thread.run
    0.70%       6 java.lang.Thread.runWith
    0.70%       6 jdk.jfr.internal.PlatformRecorder.lambda$startDiskMonitor$0
    0.70%       6 jdk.jfr.internal.periodic.PeriodicEvents.doPeriodic
    0.70%       6 jdk.jfr.internal.PlatformRecorder$$Lambda.0x000001c00106a090.run
    0.70%       6 jdk.jfr.internal.PlatformRecorder.periodicTask
    0.35%       3 jdk.jfr.internal.periodic.PeriodicTask.run
    0.23%       2 com.dylibso.chicory.wasm.types.Value.zero
    0.23%       2 com.dylibso.chicory.runtime.Instance$Builder.mapHostImports
    0.23%       2 com.dylibso.chicory.runtime.Instance$Builder.build
METHODSAMPLE events=0 total_weight_ns=0 distinct_methods=0
CTRL-r2 exit=0
10:09  up 67 days, 10:41, 0 users, load averages: 2.67 1.99 1.72
DONE 2026-09-09 10:09:24 JST
{"t":"2026-09-09T01:09:25.837Z","busy_fraction":null,"worst_cpu_busy":0,"load1":2.67,"cores":10}
{"t":"2026-09-09T01:09:26.846Z","busy_fraction":null,"worst_cpu_busy":0,"load1":2.67,"cores":10}
{"t":"2026-09-09T01:09:27.849Z","busy_fraction":null,"worst_cpu_busy":0,"load1":2.67,"cores":10}
