START 2026-09-08 15:19:00 JST
15:19  up 66 days, 15:51, 0 users, load averages: 1.46 1.53 1.50
=== rep1 2026-09-08 15:19:00 JST load= 1.46 1.53 1.50 ===
kernel(100)=110550153
warmup_iters=6915600
load1_at_warmup_end=1.50634765625
recorded_iters=82500800 in 60s wall_ns_per_call=727.2674512489576
load1_at_record_end=2.14990234375
events={jdk.ExecutionSample=1223} total_stack_samples=1223
STACK EXCLUSIVE_leaf call=3.4% (42/1223) eval=3.8% (47/1223)
STACK INCLUSIVE_onstack call=99.2% (1213/1223) eval=83.6% (1022/1223)
STACK top20_leaf:
   78.41%     959 com.dylibso.chicory.runtime.InterpreterMachine.numberOfParams
    9.16%     112 com.dylibso.chicory.runtime.StackFrame.<init>
    3.84%      47 com.dylibso.chicory.runtime.InterpreterMachine.eval
    3.43%      42 com.dylibso.chicory.runtime.InterpreterMachine.call
    2.94%      36 com.dylibso.chicory.wasm.types.ValType.sizeOf
    1.14%      14 com.dylibso.chicory.runtime.StackFrame.doControlTransfer
    0.16%       2 com.dylibso.chicory.runtime.InterpreterMachine.numberOfValuesToReturn
    0.16%       2 jdk.jfr.internal.periodic.PeriodicEvents.doPeriodic
    0.08%       1 com.dylibso.chicory.wasm.types.Value.zero
    0.08%       1 jdk.jfr.internal.periodic.FlushTask.execute
    0.08%       1 jdk.jfr.internal.MetadataRepository.flush
    0.08%       1 com.dylibso.chicory.runtime.Instance.<init>
    0.08%       1 java.util.concurrent.atomic.AtomicLong.get
    0.08%       1 jdk.jfr.internal.JVMSupport.ensureWithIllegalStateException
    0.08%       1 jdk.jfr.internal.PlatformRecorder.periodicTask
    0.08%       1 JaJfrDispatchShareV2FIX.main
    0.08%       1 java.util.stream.AbstractPipeline.wrapSink
STACK top20_onstack:
   99.43%    1216 JaJfrDispatchShareV2FIX.main
   99.18%    1213 com.dylibso.chicory.runtime.Instance$Exports$$Lambda.0x000018000105b8f8.apply
   99.18%    1213 com.dylibso.chicory.runtime.InterpreterMachine.call
   99.18%    1213 com.dylibso.chicory.runtime.Instance$Exports.lambda$function$0
   83.57%    1022 com.dylibso.chicory.runtime.InterpreterMachine.eval
   78.58%     961 com.dylibso.chicory.runtime.InterpreterMachine.IF
   78.41%     959 com.dylibso.chicory.runtime.InterpreterMachine.numberOfParams
   11.45%     140 com.dylibso.chicory.runtime.StackFrame.<init>
    2.94%      36 com.dylibso.chicory.wasm.types.ValType.sizeOf
    1.14%      14 com.dylibso.chicory.runtime.StackFrame.doControlTransfer
    0.57%       7 java.lang.Thread.run
    0.57%       7 java.lang.Thread.runWith
    0.57%       7 jdk.jfr.internal.PlatformRecorder.lambda$startDiskMonitor$0
    0.57%       7 jdk.jfr.internal.PlatformRecorder$$Lambda.0x000018000106a090.run
    0.57%       7 jdk.jfr.internal.PlatformRecorder.periodicTask
    0.49%       6 jdk.jfr.internal.periodic.PeriodicEvents.doPeriodic
    0.25%       3 jdk.jfr.internal.periodic.FlushTask.execute
    0.25%       3 jdk.jfr.internal.periodic.PeriodicTask.run
    0.16%       2 com.dylibso.chicory.runtime.Instance$Builder.build
    0.16%       2 com.dylibso.chicory.runtime.InterpreterMachine.numberOfValuesToReturn
METHODSAMPLE events=0 total_weight_ns=0 distinct_methods=0
rep1 exit=0
   32.60   16  0.52  34  2 64  2.15 1.68 1.56
   20.00    2  0.03   3  2 95  2.15 1.68 1.56
=== rep2 2026-09-08 15:20:06 JST load= 2.15 1.68 1.56 ===
kernel(100)=110550153
warmup_iters=6713600
load1_at_warmup_end=2.2177734375
recorded_iters=80622600 in 60s wall_ns_per_call=744.2100069707501
load1_at_record_end=2.36181640625
events={jdk.ExecutionSample=1234} total_stack_samples=1234
STACK EXCLUSIVE_leaf call=3.7% (46/1234) eval=3.4% (42/1234)
STACK INCLUSIVE_onstack call=98.8% (1219/1234) eval=84.4% (1041/1234)
STACK top20_leaf:
   80.23%     990 com.dylibso.chicory.runtime.InterpreterMachine.numberOfParams
    7.62%      94 com.dylibso.chicory.runtime.StackFrame.<init>
    3.73%      46 com.dylibso.chicory.runtime.InterpreterMachine.call
    3.40%      42 com.dylibso.chicory.runtime.InterpreterMachine.eval
    3.00%      37 com.dylibso.chicory.wasm.types.ValType.sizeOf
    0.73%       9 com.dylibso.chicory.runtime.StackFrame.doControlTransfer
    0.24%       3 jdk.jfr.internal.periodic.PeriodicEvents.doPeriodic
    0.16%       2 JaJfrDispatchShareV2FIX.main
    0.08%       1 jdk.jfr.internal.periodic.PeriodicTask.tick
    0.08%       1 jdk.jfr.FlightRecorder.getFlightRecorder
    0.08%       1 com.dylibso.chicory.wasm.types.Value.zero
    0.08%       1 jdk.jfr.internal.periodic.FlushTask.execute
    0.08%       1 java.util.stream.ReduceOps$5.evaluateSequential
    0.08%       1 jdk.jfr.internal.periodic.BatchManager.getIteration
    0.08%       1 java.util.stream.ReduceOps$ReduceOp.evaluateSequential
    0.08%       1 jdk.jfr.internal.JVMSupport.ensureWithIllegalStateException
    0.08%       1 jdk.jfr.internal.PlatformRecording.isToDisk
    0.08%       1 java.util.stream.AbstractPipeline.copyInto
    0.08%       1 jdk.jfr.internal.PlatformRecorder.isToDisk
STACK top20_onstack:
   99.19%    1224 JaJfrDispatchShareV2FIX.main
   98.78%    1219 com.dylibso.chicory.runtime.Instance$Exports$$Lambda.0x000007f80105b8f8.apply
   98.78%    1219 com.dylibso.chicory.runtime.InterpreterMachine.call
   98.78%    1219 com.dylibso.chicory.runtime.Instance$Exports.lambda$function$0
   84.36%    1041 com.dylibso.chicory.runtime.InterpreterMachine.eval
   80.23%     990 com.dylibso.chicory.runtime.InterpreterMachine.numberOfParams
   80.23%     990 com.dylibso.chicory.runtime.InterpreterMachine.IF
   10.05%     124 com.dylibso.chicory.runtime.StackFrame.<init>
    3.00%      37 com.dylibso.chicory.wasm.types.ValType.sizeOf
    0.81%      10 java.lang.Thread.run
    0.81%      10 java.lang.Thread.runWith
    0.81%      10 jdk.jfr.internal.PlatformRecorder.lambda$startDiskMonitor$0
    0.81%      10 jdk.jfr.internal.PlatformRecorder$$Lambda.0x000007f80106a090.run
    0.81%      10 jdk.jfr.internal.PlatformRecorder.periodicTask
    0.73%       9 com.dylibso.chicory.runtime.StackFrame.doControlTransfer
    0.65%       8 jdk.jfr.internal.periodic.PeriodicEvents.doPeriodic
    0.24%       3 com.dylibso.chicory.runtime.Instance$Builder.mapHostImports
    0.24%       3 com.dylibso.chicory.runtime.Instance$Builder.build
    0.24%       3 jdk.jfr.internal.periodic.FlushTask.execute
    0.24%       3 java.util.stream.AbstractPipeline.evaluate
METHODSAMPLE events=0 total_weight_ns=0 distinct_methods=0
rep2 exit=0
   32.60   16  0.52  34  2 64  2.36 1.82 1.62
    5.88   91  0.52  16  3 81  2.36 1.82 1.62
=== rep3 2026-09-08 15:21:12 JST load= 2.36 1.82 1.62 ===
kernel(100)=110550153
warmup_iters=6788600
load1_at_warmup_end=2.33251953125
recorded_iters=79390800 in 60s wall_ns_per_call=755.7568052595515
load1_at_record_end=2.18310546875
events={jdk.ExecutionSample=1189} total_stack_samples=1189
STACK EXCLUSIVE_leaf call=3.5% (42/1189) eval=5.1% (61/1189)
STACK INCLUSIVE_onstack call=98.7% (1174/1189) eval=82.0% (975/1189)
STACK top20_leaf:
   75.27%     895 com.dylibso.chicory.runtime.InterpreterMachine.numberOfParams
   10.51%     125 com.dylibso.chicory.runtime.StackFrame.<init>
    5.13%      61 com.dylibso.chicory.runtime.InterpreterMachine.eval
    3.53%      42 com.dylibso.chicory.runtime.InterpreterMachine.call
    2.52%      30 com.dylibso.chicory.wasm.types.ValType.sizeOf
    1.51%      18 com.dylibso.chicory.runtime.StackFrame.doControlTransfer
    0.25%       3 jdk.jfr.internal.periodic.PeriodicEvents.doPeriodic
    0.17%       2 com.dylibso.chicory.wasm.types.Value.zero
    0.17%       2 jdk.jfr.internal.periodic.FlushTask.execute
    0.17%       2 java.util.stream.AbstractPipeline.wrapSink
    0.08%       1 com.dylibso.chicory.runtime.InterpreterMachine.numberOfValuesToReturn
    0.08%       1 jdk.jfr.internal.periodic.PeriodicTask.tick
    0.08%       1 jdk.jfr.FlightRecorder.getFlightRecorder
    0.08%       1 jdk.jfr.internal.periodic.BatchManager.getIteration
    0.08%       1 java.util.stream.ReduceOps$ReduceOp.evaluateSequential
    0.08%       1 jdk.jfr.EventSettings$InternalAccess.getPlatformRecorder
    0.08%       1 jdk.jfr.internal.PlatformRecorder.periodicTask
    0.08%       1 jdk.jfr.internal.Logger.shouldLog
    0.08%       1 com.dylibso.chicory.runtime.Instance.initialize
STACK top20_onstack:
   99.07%    1178 JaJfrDispatchShareV2FIX.main
   98.74%    1174 com.dylibso.chicory.runtime.Instance$Exports$$Lambda.0x00000f000105b8f8.apply
   98.74%    1174 com.dylibso.chicory.runtime.InterpreterMachine.call
   98.74%    1174 com.dylibso.chicory.runtime.Instance$Exports.lambda$function$0
   82.00%     975 com.dylibso.chicory.runtime.InterpreterMachine.eval
   75.36%     896 com.dylibso.chicory.runtime.InterpreterMachine.IF
   75.27%     895 com.dylibso.chicory.runtime.InterpreterMachine.numberOfParams
   12.87%     153 com.dylibso.chicory.runtime.StackFrame.<init>
    2.52%      30 com.dylibso.chicory.wasm.types.ValType.sizeOf
    1.51%      18 com.dylibso.chicory.runtime.StackFrame.doControlTransfer
    0.93%      11 java.lang.Thread.run
    0.93%      11 java.lang.Thread.runWith
    0.93%      11 jdk.jfr.internal.PlatformRecorder.lambda$startDiskMonitor$0
    0.93%      11 jdk.jfr.internal.PlatformRecorder$$Lambda.0x00000f000106a090.run
    0.93%      11 jdk.jfr.internal.PlatformRecorder.periodicTask
    0.76%       9 jdk.jfr.internal.periodic.PeriodicEvents.doPeriodic
    0.34%       4 com.dylibso.chicory.runtime.Instance$Builder.build
    0.34%       4 jdk.jfr.internal.periodic.FlushTask.execute
    0.34%       4 jdk.jfr.internal.periodic.PeriodicTask.run
    0.25%       3 java.util.stream.ReduceOps$ReduceOp.evaluateSequential
METHODSAMPLE events=0 total_weight_ns=0 distinct_methods=0
rep3 exit=0
   32.60   16  0.52  34  2 64  2.18 1.88 1.65
   20.00    2  0.03   4  3 93  2.18 1.88 1.65
=== rep4 2026-09-08 15:22:19 JST load= 2.18 1.88 1.65 ===
kernel(100)=110550153
warmup_iters=6782200
load1_at_warmup_end=2.16796875
recorded_iters=79911400 in 60s wall_ns_per_call=750.8324557947927
load1_at_record_end=3.0068359375
events={jdk.ExecutionSample=1172} total_stack_samples=1172
STACK EXCLUSIVE_leaf call=3.3% (39/1172) eval=3.0% (35/1172)
STACK INCLUSIVE_onstack call=98.4% (1153/1172) eval=82.3% (965/1172)
STACK top20_leaf:
   77.73%     911 com.dylibso.chicory.runtime.InterpreterMachine.numberOfParams
    9.81%     115 com.dylibso.chicory.runtime.StackFrame.<init>
    3.33%      39 com.dylibso.chicory.runtime.InterpreterMachine.call
    2.99%      35 com.dylibso.chicory.runtime.InterpreterMachine.eval
    2.82%      33 com.dylibso.chicory.wasm.types.ValType.sizeOf
    1.28%      15 com.dylibso.chicory.runtime.StackFrame.doControlTransfer
    0.26%       3 jdk.jfr.internal.periodic.PeriodicEvents.doPeriodic
    0.17%       2 com.dylibso.chicory.runtime.InterpreterMachine.numberOfValuesToReturn
    0.17%       2 jdk.jfr.FlightRecorder.getFlightRecorder
    0.17%       2 com.dylibso.chicory.wasm.types.Instruction.operand
    0.17%       2 java.util.stream.AbstractPipeline.evaluate
    0.17%       2 jdk.jfr.internal.PlatformRecorder.isToDisk
    0.09%       1 java.lang.invoke.DirectMethodHandle.allocateInstance
    0.09%       1 jdk.jfr.internal.periodic.PeriodicTask.tick
    0.09%       1 com.dylibso.chicory.wasm.types.Value.zero
    0.09%       1 java.util.HashMap$HashIterator.nextNode
    0.09%       1 jdk.jfr.internal.periodic.FlushTask.execute
    0.09%       1 java.util.concurrent.atomic.AtomicLong.get
    0.09%       1 jdk.jfr.EventSettings$InternalAccess.getPlatformRecorder
    0.09%       1 jdk.jfr.internal.PlatformRecorder.periodicTask
STACK top20_onstack:
   98.81%    1158 JaJfrDispatchShareV2FIX.main
   98.38%    1153 com.dylibso.chicory.runtime.Instance$Exports$$Lambda.0x00007ffe0105b8f8.apply
   98.38%    1153 com.dylibso.chicory.runtime.InterpreterMachine.call
   98.38%    1153 com.dylibso.chicory.runtime.Instance$Exports.lambda$function$0
   82.34%     965 com.dylibso.chicory.runtime.InterpreterMachine.eval
   78.07%     915 com.dylibso.chicory.runtime.InterpreterMachine.IF
   77.73%     911 com.dylibso.chicory.runtime.InterpreterMachine.numberOfParams
   12.54%     147 com.dylibso.chicory.runtime.StackFrame.<init>
    2.82%      33 com.dylibso.chicory.wasm.types.ValType.sizeOf
    1.28%      15 com.dylibso.chicory.runtime.StackFrame.doControlTransfer
    1.19%      14 java.lang.Thread.run
    1.19%      14 java.lang.Thread.runWith
    1.19%      14 jdk.jfr.internal.PlatformRecorder.lambda$startDiskMonitor$0
    1.19%      14 jdk.jfr.internal.PlatformRecorder.periodicTask
    1.19%      14 jdk.jfr.internal.PlatformRecorder$$Lambda.0x00007ffe0106a090.run
    0.94%      11 jdk.jfr.internal.periodic.PeriodicEvents.doPeriodic
    0.43%       5 com.dylibso.chicory.runtime.Instance$Builder.build
    0.43%       5 jdk.jfr.internal.periodic.PeriodicTask.run
    0.34%       4 com.dylibso.chicory.runtime.Instance$Builder.mapHostImports
    0.34%       4 com.dylibso.chicory.runtime.InterpreterMachine.numberOfValuesToReturn
METHODSAMPLE events=0 total_weight_ns=0 distinct_methods=0
rep4 exit=0
   32.60   16  0.52  34  2 64  3.01 2.14 1.76
   20.00    2  0.03   3  3 94  2.85 2.12 1.76
=== rep5 2026-09-08 15:23:25 JST load= 2.85 2.12 1.76 ===
kernel(100)=110550153
warmup_iters=6847200
load1_at_warmup_end=2.77783203125
recorded_iters=79946200 in 60s wall_ns_per_call=750.5059063595268
load1_at_record_end=2.37890625
events={jdk.ExecutionSample=1192} total_stack_samples=1192
STACK EXCLUSIVE_leaf call=3.2% (38/1192) eval=3.9% (46/1192)
STACK INCLUSIVE_onstack call=98.2% (1171/1192) eval=82.9% (988/1192)
STACK top20_leaf:
   77.52%     924 com.dylibso.chicory.runtime.InterpreterMachine.numberOfParams
    8.98%     107 com.dylibso.chicory.runtime.StackFrame.<init>
    3.86%      46 com.dylibso.chicory.runtime.InterpreterMachine.eval
    3.19%      38 com.dylibso.chicory.wasm.types.ValType.sizeOf
    3.19%      38 com.dylibso.chicory.runtime.InterpreterMachine.call
    1.17%      14 com.dylibso.chicory.runtime.StackFrame.doControlTransfer
    0.34%       4 jdk.jfr.internal.periodic.PeriodicEvents.doPeriodic
    0.34%       4 JaJfrDispatchShareV2FIX.main
    0.25%       3 com.dylibso.chicory.wasm.types.Instruction.operand
    0.17%       2 jdk.jfr.FlightRecorder.getFlightRecorder
    0.17%       2 java.util.stream.ReduceOps$ReduceOp.evaluateSequential
    0.08%       1 jdk.jfr.internal.PlatformRecording.getState
    0.08%       1 com.dylibso.chicory.runtime.InterpreterMachine.numberOfValuesToReturn
    0.08%       1 java.util.HashMap$HashIterator.nextNode
    0.08%       1 jdk.jfr.internal.periodic.FlushTask.execute
    0.08%       1 com.dylibso.chicory.runtime.Instance.<init>
    0.08%       1 jdk.jfr.internal.PlatformRecorder.periodicTask
    0.08%       1 java.util.ArrayList.iterator
    0.08%       1 java.util.stream.AbstractPipeline.copyInto
    0.08%       1 java.util.stream.AbstractPipeline.wrapSink
STACK top20_onstack:
   99.08%    1181 JaJfrDispatchShareV2FIX.main
   98.24%    1171 com.dylibso.chicory.runtime.Instance$Exports$$Lambda.0x00007fc00105b8f8.apply
   98.24%    1171 com.dylibso.chicory.runtime.InterpreterMachine.call
   98.24%    1171 com.dylibso.chicory.runtime.Instance$Exports.lambda$function$0
   82.89%     988 com.dylibso.chicory.runtime.InterpreterMachine.eval
   77.85%     928 com.dylibso.chicory.runtime.InterpreterMachine.IF
   77.68%     926 com.dylibso.chicory.runtime.InterpreterMachine.numberOfParams
   11.49%     137 com.dylibso.chicory.runtime.StackFrame.<init>
    3.19%      38 com.dylibso.chicory.wasm.types.ValType.sizeOf
    1.17%      14 com.dylibso.chicory.runtime.StackFrame.doControlTransfer
    0.92%      11 java.lang.Thread.run
    0.92%      11 java.lang.Thread.runWith
    0.92%      11 jdk.jfr.internal.PlatformRecorder.lambda$startDiskMonitor$0
    0.92%      11 jdk.jfr.internal.PlatformRecorder.periodicTask
    0.92%      11 jdk.jfr.internal.PlatformRecorder$$Lambda.0x00007fc00106a090.run
    0.67%       8 jdk.jfr.internal.periodic.PeriodicEvents.doPeriodic
    0.50%       6 com.dylibso.chicory.runtime.Instance$Builder.build
    0.34%       4 java.util.stream.AbstractPipeline.evaluate
    0.25%       3 java.util.stream.ReduceOps$ReduceOp.evaluateSequential
    0.25%       3 jdk.jfr.internal.periodic.FlushTask.execute
METHODSAMPLE events=0 total_weight_ns=0 distinct_methods=0
rep5 exit=0
   32.60   16  0.52  34  2 64  2.38 2.12 1.78
   20.00    2  0.03   3  2 96  2.38 2.12 1.78
DONE 2026-09-08 15:24:31 JST
