START 2026-09-08 15:42:04 JST
15:42  up 66 days, 16:14, 0 users, load averages: 1.63 1.65 1.65
=== rep1 2026-09-08 15:42:04 JST ===
kernel(100)=110550153
warmup_iters=185400000
recorded_iters=2096060000 ns_per_call=28.6
checksum_after=110550153
rep1 exit=0
=== rep2 2026-09-08 15:43:09 JST ===
kernel(100)=110550153
warmup_iters=175220000
recorded_iters=2047060000 ns_per_call=29.3
checksum_after=110550153
rep2 exit=0
=== rep3 2026-09-08 15:44:14 JST ===
kernel(100)=110550153
warmup_iters=177760000
recorded_iters=2058880000 ns_per_call=29.1
checksum_after=110550153
rep3 exit=0
DONE 2026-09-08 15:45:19 JST
=== rep4 2026-09-08 15:49:09 JST ===
kernel(100)=110550153
warmup_iters=181600000
recorded_iters=2065740000 ns_per_call=29.0
checksum_after=110550153
rep4 exit=0
=== rep5 2026-09-08 15:50:14 JST ===
kernel(100)=110550153
warmup_iters=179760000
recorded_iters=2079680000 ns_per_call=28.9
checksum_after=110550153
rep5 exit=0
V8DONE 2026-09-08 15:51:19 JST
