{
  "status": "PASS_PURE_SOURCE_HELD_LAUNCH_V5_BUILD5_MODELS_ONLY",
  "refusals": [
    "stale-count",
    "stale-bytes",
    "bool-count",
    "bool-bytes",
    "guest-authorized",
    "second-build",
    "C2",
    "wrong-source",
    "extra-command",
    "wrong-macro",
    "environment-injection",
    "different-timeout",
    "dependency-duplicate",
    "dependency-relative",
    "dependency-outside",
    "dependency-NUL",
    "dependency-two-targets",
    "dependency-source-missing",
    "foreign-linker",
    "foreign-library",
    "framework",
    "foreign-input",
    "third-command",
    "wrong-default-sdk",
    "missing-default-sdk",
    "wrong-resource-dir",
    "wrapper-as-frontend",
    "diagnostic-NUL",
    "diagnostic-invalidUTF8",
    "diagnostic-overcap",
    "diagnostic-error"
  ],
  "exactRegistryPositive": true,
  "dependenciesAndLinkPreviewModelsOnly": true,
  "actualClangBuildCalls": 0,
  "actualFDProcessGuestCalls": 0
}
