{
  "status": "PASS fresh isolated retained-evidence offline replay",
  "machineWorkloads": 19,
  "machineFaultsDetected": 8,
  "ordinaryNativeObservationsRetained": 95,
  "fuelTrapsRetained": 19,
  "typedPairedRawStatesRecompared": 336,
  "actualInstructionValuesRecomputed": 45,
  "originalExportOutcomeReceiptsRetained": 220,
  "sourceMutantMismatchControlsVerified": 4,
  "tableValuesRecomputed": 256,
  "solverQueriesRetainedNotRerun": 5,
  "formalUnitPassLines": 5227,
  "requiredGatesRetained": 7,
  "nativeExecutions": 0,
  "timingRuns": 0,
  "solverRuns": 0,
  "automaticFeatureAdmission": false,
  "productAdopted": false,
  "universalCompilerProof": false,
  "boundary": "Retained proof receipts, full machine projection + raw machine corrupt controls, typed output pair comparison and finite source/math recomputation; not fresh native execution or fresh SMT solving."
}
PASS fresh isolated offline replay; native=0 newMeasurements=0 solver=0
