arm64
ProductName:		macOS
ProductVersion:		26.2
BuildVersion:		25C56
Mac16,10
10
17179869184
/Library/Developer/CommandLineTools
26.2
Apple clang version 17.0.0 (clang-1700.6.4.2)
Target: arm64-apple-darwin25.2.0
Thread model: posix
InstalledDir: /Library/Developer/CommandLineTools/usr/bin
Processes: 184 total, 2 running, 182 sleeping, 1270 threads 
2026/10/08 16:49:19
Load Avg: 2.09, 1.97, 2.01 
CPU usage: 0.0% user, 11.53% sys, 88.46% idle 
SharedLibs: 162M resident, 37M data, 34M linkedit.
MemRegions: 24500 total, 4655M resident, 58M private, 449M shared.
PhysMem: 15G used (1693M wired, 667M compressor), 754M unused.
VM: 75T vsize, 5268M framework vsize, 1444426885(0) swapins, 1476616331(0) swapouts.
Networks: packets: 153548723/79G in, 145405983/86G out.
Disks: 756826989/23T read, 393653770/22T written.


Processes: 184 total, 2 running, 182 sleeping, 1267 threads 
2026/10/08 16:49:23
Load Avg: 1.92, 1.94, 1.99 
CPU usage: 4.31% user, 2.71% sys, 92.97% idle 
SharedLibs: 162M resident, 37M data, 34M linkedit.
MemRegions: 0 total, 0B resident, 58M private, 449M shared.
PhysMem: 15G used (1693M wired, 667M compressor), 755M unused.
VM: 75T vsize, 5268M framework vsize, 1444426889(4) swapins, 1476616331(0) swapouts.
Networks: packets: 153551186/79G in, 145408598/86G out.
Disks: 756826991/23T read, 393653856/22T written.


Processes: 184 total, 2 running, 182 sleeping, 1233 threads 
2026/10/08 16:49:27
Load Avg: 1.77, 1.91, 1.98 
CPU usage: 3.68% user, 2.49% sys, 93.81% idle 
SharedLibs: 162M resident, 37M data, 34M linkedit.
MemRegions: 0 total, 0B resident, 58M private, 449M shared.
PhysMem: 15G used (1693M wired, 667M compressor), 761M unused.
VM: 75T vsize, 5268M framework vsize, 1444426889(0) swapins, 1476616331(0) swapouts.
Networks: packets: 153553498/79G in, 145411110/86G out.
Disks: 756826991/23T read, 393653959/22T written.


