/private/tmp/amu-embench-compare-20261004/images/r6m: OK
/private/tmp/amu-embench-compare-20261004/images/stage0: OK
/private/tmp/amu-embench-compare-20261004/images/r6l: OK
/private/tmp/amu-embench-compare-20261004/bench/embench/ports/depthconv.kotoba: OK
/private/tmp/amu-embench-compare-20261004/bench/embench/ports/ud.kotoba: OK
/private/tmp/amu-embench-compare-20261004/bench/embench/ports/md5sum.kotoba: OK
/private/tmp/amu-embench-compare-20261004/bench/embench/ports/nettle-aes.kotoba: OK
/private/tmp/amu-embench-compare-20261004/bench/embench/ports/matmult-int.kotoba: OK
/private/tmp/amu-embench-compare-20261004/bench/embench/ports/huffbench.kotoba: OK
/private/tmp/amu-embench-compare-20261004/bench/embench/ports/nettle-sha256.kotoba: OK
/private/tmp/amu-embench-compare-20261004/bench/embench/ports/slre.kotoba: OK
/private/tmp/amu-embench-compare-20261004/bench/embench/ports/wikisort.kotoba: OK
/private/tmp/amu-embench-compare-20261004/bench/embench/ports/statemate.kotoba: OK
/private/tmp/amu-embench-compare-20261004/bench/embench/ports/qrduino.kotoba: OK
/private/tmp/amu-embench-compare-20261004/bench/embench/ports/tarfind.kotoba: OK
/private/tmp/amu-embench-compare-20261004/bench/embench/ports/sglib-combined.kotoba: OK
/private/tmp/amu-embench-compare-20261004/bench/embench/ports/nsichneu.kotoba: OK
/private/tmp/amu-embench-compare-20261004/bench/embench/ports/aha-mont64.kotoba: OK
/private/tmp/amu-embench-compare-20261004/bench/embench/ports/edn.kotoba: OK
/private/tmp/amu-embench-compare-20261004/bench/embench/ports/picojpeg.kotoba: OK
/private/tmp/amu-embench-compare-20261004/bench/embench/ports/crc32.kotoba: OK
/private/tmp/amu-embench-compare-20261004/bench/embench/ports/xgboost.kotoba: OK
/private/tmp/amu-embench-compare-20261004/runner: OK
/private/tmp/amu-embench-compare-20261004/runner.c: OK
/private/tmp/amu-embench-compare-20261004/bench/embench/run_native_qualification.py: OK
