{
  "status": "PASS_PURE_G2_G3_G4_SOURCE_SEALED_CHAIN_AND_WHOLE_FIXEDPOINT_MODELS_ONLY",
  "sourceScopePositive": true,
  "compilerOutputPositiveCases": 6,
  "generatedChainPositiveStages": 3,
  "G2G3G4WholeEqualModel": true,
  "G1DifferentModelAccepted": true,
  "refusedMutants": [
    "stale-old-file-count",
    "stale-old-byte-count",
    "bool-count",
    "bool-bytes",
    "seventh-case",
    "old-G1-equality-imposed",
    "wrong-generation-order",
    "wrong-builder",
    "source-not-current-unity",
    "fuel-changed",
    "compiler-cap-broadened",
    "clobber-invented",
    "outer-host-missing",
    "missing-guest-boundary-0",
    "extra-output-0",
    "missing-guest-boundary-1",
    "extra-output-1",
    "missing-guest-boundary-2",
    "extra-output-2",
    "missing-guest-boundary-3",
    "extra-output-3",
    "missing-guest-boundary-4",
    "extra-output-4",
    "missing-guest-boundary-5",
    "extra-output-5",
    "GO-extra",
    "GO-seven",
    "GO-runtime",
    "GO-timing",
    "GO-C2",
    "GO-no-host",
    "wrong-owned-source",
    "missing-prev-build",
    "wrong-prev-builder",
    "wrong-prev-receipt",
    "wrong-root-GO",
    "unclosed-stage",
    "nonzero-stage",
    "wrong-extract-offset",
    "active-writer",
    "unknown-sampling-refusal",
    "missing-previous-call",
    "extra-receipt-field",
    "invented-certificate",
    "wrong-fixedpoint-exports",
    "whole-generation-byte-difference",
    "seventh-before-API",
    "missing-resource-readback",
    "finite-cpu-raised",
    "unknown-env-key",
    "wrong-exec-argv"
  ],
  "operationalCalls": 0
}
