resources/kotoba/lang-conformance/values/if_some_kit.kotoba	ACCEPT
resources/kotoba/lang-conformance/values/if_some_string_kit.kotoba	ACCEPT
resources/kotoba/lang-conformance/values/list_rest_kit.kotoba	ACCEPT
resources/kotoba/lang-conformance/values/map_filter_vector_kit.kotoba	ACCEPT
resources/kotoba/lang-conformance/values/multi_map_kit.kotoba	ACCEPT
resources/kotoba/lang-conformance/values/named_hof_kit.kotoba	ACCEPT
resources/kotoba/lang-conformance/values/option_result_kit.kotoba	ACCEPT
resources/kotoba/lang-conformance/values/option_return_kit.kotoba	ACCEPT
resources/kotoba/lang-conformance/values/pair_list_kit.kotoba	ACCEPT
resources/kotoba/lang-conformance/values/record_protocol_static_dispatch.kotoba	REFUSED seed: E2003 unsupported top-level form 'defprotocol' (byte 1)
resources/kotoba/lang-conformance/values/reduce_vector_kit.kotoba	ACCEPT
resources/kotoba/lang-conformance/values/string_replace_kit.kotoba	ACCEPT
resources/kotoba/lang-conformance/values/type_directed_heterogeneous_nth.kotoba	ACCEPT
resources/kotoba/lang-conformance/control/base64_kit.kotoba	ACCEPT
resources/kotoba/lang-conformance/control/multimethod.kotoba	REFUSED seed: E2003 unsupported top-level form 'defmethod' (byte 43)
resources/kotoba/lang-conformance/control/string_join_kit.kotoba	ACCEPT
resources/kotoba/lang-conformance/control/when_cond_kit.kotoba	ACCEPT
resources/kotoba/lang-conformance/control/when_ext_kit.kotoba	ACCEPT
resources/kotoba/lang-conformance/control/when_let_u64_kit.kotoba	ACCEPT
resources/kotoba/lang-conformance/native/i32_probe.kotoba	ACCEPT
resources/kotoba/lang-conformance/native/step_fold_classify.kotoba	ACCEPT
resources/kotoba/lang-conformance/native/vector_f64_composed.kotoba	REFUSED seed: E2101 unknown or unsupported form 'vector-f64-at' (byte 321)
seed/tests/conformance/control/multimethod.kotoba	REFUSED seed: E2003 unsupported top-level form 'defmethod' (byte 43)
seed/tests/conformance/functions/closures.kotoba	ACCEPT
seed/tests/conformance/records/basic.kotoba	REFUSED seed: E2003 unsupported top-level form 'defprotocol' (byte 1)
seed/tests/conformance/stdlib/sorted_map.kotoba	ACCEPT
examples/approval-queue-app.kotoba	ACCEPT
examples/arena-scope.kotoba	ACCEPT
examples/cloud-itonami-health-route.kotoba	ACCEPT
examples/cloud-itonami-oauth-resource-route.kotoba	ACCEPT
examples/f32-dot-product.kotoba	ACCEPT
examples/fuel.kotoba	ACCEPT
examples/held-operations.kotoba	ACCEPT
examples/http-service-demo.kotoba	ACCEPT
examples/list.kotoba	REFUSED seed: E2104 type mismatch in 'cons': expected :i64 (byte 108)
examples/recursive-generic.kotoba	ACCEPT
examples/recursive-tree.kotoba	ACCEPT
test/dual-backend/05-recursion.kotoba	ACCEPT
test/dual-backend/09-map.kotoba	REFUSED seed: E2105 unsupported type ':a' (byte 478)
test/dual-backend/10-f64.kotoba	REFUSED seed: E2104 type mismatch in '+': expected :i64 (byte 221)
test/nbb/fixtures/closure-refinements.kotoba	ACCEPT
test/nbb/fixtures/i32-profile.kotoba	ACCEPT
test/nbb/fixtures/lazy-sequence.kotoba	REFUSED seed: E2101 unknown or unsupported form 'lazy-cons' (byte 22)
test/nbb/fixtures/multi-arity.kotoba	REFUSED seed: E2138 a multi-arity or variadic function cannot be exported: 'offset' (byte 53)
test/nbb/fixtures/option-or.kotoba	ACCEPT
test/nbb/fixtures/static-extend-protocol.kotoba	REFUSED seed: E2003 unsupported top-level form 'defprotocol' (byte 55)
test/nbb/fixtures/typed-closure-parameters.kotoba	REFUSED seed: E2101 unknown or unsupported form 'document' (byte 365)
