main 	{:status :ok :result 7
greet 	{:status :ok :result-type :string :result-utf8-hex "7b22737461747573223a226f6b227d"
nums 	{:status :ok :result-type :vector-i64 :result-items [3 4]
flag 	{:status :ok :result 1
len s:616263	{:status :ok :result 3
len s:	{:status :ok :result 0
shape 5	{:status :ok :result-type :variant :result-ordinal 1 :result-word 5
shape 0	{:status :ok :result-type :variant :result-ordinal 0 :result-word 9
