{
  "status": "PASS_PURE_SOURCE_HFT_RUNTIME10_SCOPE_DECODER_WRAPPER_CALLBACK_ONLY",
  "originalFivePairsSourcePositive": true,
  "runtimeCasePositives": 10,
  "GORefusals": [
    "old50-scope",
    "C2",
    "timing",
    "unknown",
    "missing-ON-proof",
    "retry",
    "wrong-output",
    "missing-host-escalation"
  ],
  "sourceRefusals": [
    "extra-case",
    "arm-reorder",
    "source-change",
    "profile-change",
    "wrong-result",
    "wrong-export",
    "old-ON-image",
    "fuel-expansion",
    "arena-expansion",
    "composition-on"
  ],
  "wrapperRefusals": [
    "wrong-offset",
    "arity-zero",
    "wrong-abi",
    "effect-grant",
    "profile",
    "wrong-image",
    "fuel-off",
    "arena-expanded",
    "extra-env"
  ],
  "decoderRefusals": [
    "extra-stdout",
    "extra-stderr",
    "wrong-fuel",
    "unmetered",
    "arena-cap",
    "counter-used-mismatch",
    "wrong-Boolean",
    "fuel-overrun",
    "trap"
  ],
  "sampleRefusals": [
    "sample-overflow",
    "duplicate-member",
    "changed-birth",
    "threshold-expanded",
    "aggregate-wrong",
    "unknown-key",
    "boolean-pid",
    "unknown-member-key"
  ],
  "resourceJournalRefusals": [
    "changed-env",
    "unknown-env",
    "CPU-hard-wrong",
    "raised-inherited-limit",
    "unknown-row-key",
    "wrong-exec"
  ],
  "nativeCall11RefusedBeforeAPI": true,
  "primaryTypedLoaderGrammar10AndMisplacedSeparatorRefused": true,
  "actualNativeProcessThreadFDPipeGroupNetworkCalls": 0,
  "scope": "SOURCE only; two reviews and root GO pending"
}
