00-ns constants 386
MM-WORDS 8388608
MM-NULL 0
MM-LAYOUT-VERSION 1
MM-VERSION 0
MM-R0 1
MM-R1 2
MM-R2 3
MM-R3 4
MM-ERR 5
MM-ERR-POS 6
MM-ERR-A 7
MM-ERR-B 8
MM-ERR-N 9
MM-SRC-LEN 10
MM-TOK-N 16
MM-NODE-N 17
MM-SYM-N 18
MM-HASH-N 19
MM-FN-N 20
MM-SCOPE-N 21
MM-SIR-N 22
MM-LABEL-N 23
MM-CODE-N 24
MM-FIX-N 25
MM-LIT-N 26
MM-LITB-N 27
MM-EXP-N 28
MM-OUT-N 29
MM-HEAP-TOP 30
MM-ROOT 32
MM-NS-NODE 33
MM-POOL-OFF 34
MM-CODE-BYTES 35
MM-MAX-DEPTH 36
MM-STAT-BASE 64
MM-TOK-BASE 256
MM-TOK-W 4
MM-TOK-CAP 131072
MM-NODE-BASE 524544
MM-NODE-W 8
MM-NODE-CAP 131072
MM-SYM-BASE 1573120
MM-SYM-W 8
MM-SYM-CAP 65536
MM-HASH-BASE 2097408
MM-HASH-W 1
MM-HASH-CAP 131072
MM-FN-BASE 2228480
MM-FN-W 16
MM-FN-CAP 8192
MM-SCOPE-BASE 2359552
MM-SCOPE-W 2
MM-SCOPE-CAP 65536
MM-SIR-BASE 2490624
MM-SIR-W 4
MM-SIR-CAP 262144
MM-LABEL-BASE 3539200
MM-LABEL-W 1
MM-LABEL-CAP 131072
MM-CODE-BASE 3670272
MM-CODE-W 1
MM-CODE-CAP 524288
MM-FIX-BASE 4194560
MM-FIX-W 4
MM-FIX-CAP 131072
MM-LIT-BASE 4718848
MM-LIT-W 4
MM-LIT-CAP 16384
MM-LITB-BASE 4784384
MM-LITB-W 1
MM-LITB-CAP 524288
MM-EXP-BASE 5308672
MM-EXP-W 4
MM-EXP-CAP 1024
MM-OUT-BASE 5312768
MM-OUT-W 1
MM-OUT-CAP 1048576
MM-HEAP-BASE 6361344
MM-HEAP-END 8388608
TF-KIND 0
TF-START 1
TF-END 2
TF-VAL 3
NF-KIND 0
NF-FIRST 1
NF-NEXT 2
NF-TOK 3
NF-AUX 4
NF-SYM 5
NF-TYPE 6
NF-RES 7
SF-START 0
SF-END 1
SF-HASH 2
SF-HEAD 3
SF-FN 4
SF-BIND 5
SF-REC 6
SF-SPARE7 7
FF-SYM 0
FF-NODE 1
FF-KIND 2
FF-NPARAMS 3
FF-RTYPE 4
FF-PT0 5
FF-PT4 9
FF-NSLOTS 10
FF-EXPORT 11
FF-SIR 12
FF-CODE 13
FF-FUEL 14
FF-DEPTH 15
FK-DEFN 1
FK-PRIV 2
FK-DEF 3
RB-N 0
RB-ID 1
RB-F0 2
RB-FW 2
CF-SYM 0
CF-PREV 1
IF-OP 0
IF-A 1
IF-B 2
IF-C 3
XF-AT 0
XF-KIND 1
XF-TARGET 2
XF-AUX 3
LF-B 0
LF-LEN 1
LF-POOL 2
LF-TOK 3
EF-FN 0
EF-OFFSET 1
EF-ARITY 2
EF-SPARE 3
TY-NONE 0
TY-I64 1
TY-BOOL 2
TY-STR 3
TY-VEC 4
TY-BYTES 5
TY-KW 6
TY-REC-BASE 1024
TK-LPAREN 1
TK-RPAREN 2
TK-LBRACK 3
TK-RBRACK 4
TK-LBRACE 5
TK-RBRACE 6
TK-INT 7
TK-STR 8
TK-SYM 9
TK-KW 10
ND-ROOT 1
ND-LIST 2
ND-VEC 3
ND-MAP 4
ND-INT 5
ND-STR 6
ND-SYM 7
ND-KW 8
KW-I64 1
KW-BOOL 2
KW-STRING 3
KW-VECTOR-I64 4
KW-EXPORT 5
KW-ELSE 6
KW-BYTES 7
KW-FS-APP-DATA 8
KW-CLI-ARGS 9
KW-IO-WRITE-ERROR 10
KW-IO-WRITE 11
KW-FS-APP-DATA-BYTES 12
KW-KEYWORD 13
KW-RECORD 14
KW-LET 15
KW-WHEN 16
KW-WHILE 17
KW-INFER 18
RES-SCALE 16777216
RES-LOCAL 1
RES-FN 2
RES-DEF 3
RES-HEAD 4
RES-CONST 5
HD-NS 1
HD-EXPORT 2
HD-DEFN 3
HD-DEFN-PRIV 4
HD-DEF 5
HD-LET 6
HD-LOOP 7
HD-RECUR 8
HD-IF 9
HD-AND 10
HD-OR 11
HD-NOT 12
HD-EQ 13
HD-LT 14
HD-GT 15
HD-LE 16
HD-GE 17
HD-ADD 18
HD-SUB 19
HD-MUL 20
HD-QUOT 21
HD-BIT-AND 22
HD-BIT-OR 23
HD-BIT-XOR 24
HD-BIT-NOT 25
HD-USHR 26
HD-SHL 27
HD-SSHR 28
HD-VECTOR-AT 29
HD-VECTOR-CONJ 30
HD-VECTOR-ASSOC 31
HD-VECTOR-ASSOC-BANG 32
HD-VECTOR-ALLOC 33
HD-STRING-CODE-POINT-AT 34
HD-STRING-LENGTH 35
HD-VECLIT 36
HD-CALL 37
HD-TYPED-CAP-CALL 38
HD-BYTES-FROM-VECTOR-I64 39
HD-STRING-CONCAT 40
HD-COND 41
HD-VECTOR-I64-FROM-BYTES 42
HD-DO 43
HD-WHEN 44
HD-WHEN-NOT 45
HD-IF-NOT 46
HD-CASE 47
HD-CONDP 48
HD-THREAD-FIRST 49
HD-THREAD-LAST 50
HD-AS-THREAD 51
HD-COND-THREAD 52
HD-COND-THREAD-LAST 53
HD-DOTIMES 54
HD-DOSEQ 55
HD-RANGE 56
HD-INC 57
HD-DEC 58
HD-ZERO 59
HD-POS 60
HD-NEG 61
HD-NOT-EQ 62
HD-ASSERT 63
HD-TRUE 64
HD-FALSE 65
HD-VECTOR-COUNT 66
HD-RECORD-NEW 67
HD-RECORD 68
HD-RECORD-GET 69
HD-DEFRECORD 70
HD-GET 71
HD-TRAP 72
HD-KWGET 73
HD-RECORD-CTOR 74
HD-ASSOC 75
HD-COUNT 75
CK-STRING 1
CK-BYTES 8
WIRE-FS-APP-DATA 35
WIRE-IO-WRITE 37
WIRE-CLI-ARGS 38
WIRE-IO-WRITE-ERROR 39
E-USAGE 1
E-TARGET 2
E-READ 3
E-WRITE 4
E-NOSYM 5
E-HEAP-REGION 101
E-HEAP-FULL 102
E-IO-READ 201
E-IO-WRITE 202
E-LEX-STRING 1001
E-LEX-ASCII 1002
E-LEX-ESCAPE 1003
E-LEX-INT 1004
E-LEX-SYNTAX 1005
E-READ-CLOSE 1101
E-READ-EOF 1102
E-READ-MISMATCH 1103
E-READ-MAP 1105
E-NAMES-DUP 2001
E-NAMES-TOP 2003
E-NAMES-NS 2004
E-NAMES-EXPORT 2005
E-CHECK-HEAD 2101
E-CHECK-SYM 2102
E-CHECK-ARITY 2103
E-CHECK-TYPE 2104
E-CHECK-TYPENAME 2105
E-CHECK-RECUR-TAIL 2106
E-CHECK-RECUR-ARITY 2107
E-CHECK-PARAMS 2108
E-CHECK-ELSE 2109
E-CHECK-IF 2110
E-CHECK-BINDINGS 2111
E-CHECK-DUPLOCAL 2112
E-CHECK-KEYWORD 2114
E-CHECK-CAP 2115
E-CHECK-VECLIT 2116
E-CHECK-BODY 2118
E-CHECK-SIGNATURE 2119
E-CHECK-SLOTS 2120
E-CHECK-RESULT 2121
E-CHECK-EQ 2123
E-CHECK-DEF 2124
E-CHECK-CASE-DUP 2125
E-CHECK-INFER 2126
E-CHECK-FIELD 2127
E-CHECK-SCHEMA 2128
E-LOWER-FULL 3001
E-LOWER-NODE 3003
E-ENC-IMM 4001
E-GEN-FULL 4101
E-GEN-OP 4102
E-GEN-FRAME 4103
E-LAYOUT-RANGE 4201
E-OUT-FULL 5001
E-OUT-FORMAT 5003
OP-FN 1
OP-END 2
OP-CONST 3
OP-LGET 4
OP-LSET 5
OP-BIN 6
OP-CMP 7
OP-UN 8
OP-LABEL 9
OP-BR 10
OP-BRZ 11
OP-BRNZ 12
OP-CALL 13
OP-RT 14
OP-CAP 15
OP-STR 16
OP-VEC 17
OP-FUEL 18
OP-RET 19
OP-TRAP 20
OP-TAB 21
OP-COUNT 21
BOP-ADD 1
BOP-SUB 2
BOP-MUL 3
BOP-QUOT 4
BOP-AND 5
BOP-OR 6
BOP-XOR 7
BOP-SHL 8
BOP-USHR 9
BOP-SSHR 10
CC-EQ 1
CC-LT 2
CC-GT 3
CC-LE 4
CC-GE 5
UOP-NOT 1
UOP-BITNOT 2
RT-PAIR-NEW 56
RT-PAIR-FIRST 64
RT-PAIR-SECOND 72
RT-STRING-CONCAT 120
RT-TYPED-CAP-CALL 128
RT-STRING-CODE-POINT-AT 144
RT-VECTOR-NEW-EMPTY 152
RT-VECTOR-CONJ 160
RT-VECTOR-COUNT 168
RT-VECTOR-AT 176
RT-VECTOR-ASSOC 184
RT-VECTOR-ALLOC 200
RT-VECTOR-ASSOC-IN-PLACE 208
RT-BYTES-FROM-VECTOR 360
CTX-FUEL 8
CTX-CODE-BASE 384
RT-STRING-LENGTH-VIA 72
FX-B26 1
FX-BC19 2
FX-CB19 3
FX-BL26 4
FX-LIT32 5
exit=0
