01-mem unit
ok version
ok tok-n
ok out-n
ok label-n
ok hash-n
ok heap-top
ok err
ok err-pos
ok r0
ok heap-word-zero
ok alloc-1
ok alloc-2
ok alloc-top
ok alloc-neg-r0
ok alloc-neg-err
ok alloc-neg-top
ok fill
ok copy-disjoint
ok copy-overlap-up
ok copy-overlap-down
ok copy-same
ok vec-len
ok vec-cap-grew
ok vec-sum
ok vec-set
ok vec-new-cap0
ok vec-push-cap0
ok vec-headers-apart
ok hash-empty
ok hash-a
ok hash-foobar-words
ok hash-foobar-str
ok hash-str-vs-words
ok hash-empty-str
ok put-bytes-first
ok put-bytes-last
ok span-eq-yes
ok span-eq-empty
ok span-eq-no
ok words-eq-yes
ok words-eq-no
ok pow2-1
ok pow2-5
ok pow2-4096
ok slot
ok slot-range
zero 0
ok dec-zero
seven 7
ok dec-seven
ten 10
ok dec-ten
n12345 12345
ok dec-n12345
minus1 -1
ok dec-minus1
minus987 -987
ok dec-minus987
max 9223372036854775807
ok dec-max
min -9223372036854775808
ok dec-min
ok parse-12345
ok parse-partial
ok parse-empty
ok parse-nondigit
ok parse-roundtrip
ok full-exact
ok full-top
ok full-over-err
ok first-error-wins
failures = 0
exit=0
