{
  "status": "PASS_PURE_SOURCE_HELD_LAUNCH_V6_BUILD5_MODELS_ONLY",
  "refusals": [
    "stale-count",
    "stale-bytes",
    "bool-count",
    "bool-bytes",
    "guest-authorized",
    "second-build",
    "C2",
    "wrong-source",
    "extra-command",
    "wrong-macro",
    "environment-injection",
    "different-timeout",
    "dependency-duplicate",
    "dependency-relative",
    "dependency-outside",
    "dependency-NUL",
    "dependency-two-targets",
    "dependency-source-missing",
    "foreign-linker",
    "foreign-library",
    "framework",
    "foreign-input",
    "third-command",
    "wrong-default-sdk",
    "missing-default-sdk",
    "wrong-resource-dir",
    "wrapper-as-frontend",
    "diagnostic-NUL",
    "diagnostic-invalidUTF8",
    "diagnostic-overcap",
    "diagnostic-error",
    "dumpdir-other-output",
    "internal-search-outside",
    "attached-I-outside",
    "attached-L-outside",
    "debug-dir-outside",
    "mismatched-object",
    "unknown-nonabsolute-option",
    "local-library-shadow-present",
    "local-selected-header-shadow-present",
    "macho-foreign-library",
    "macho-foreign-dyld",
    "macho-rpath",
    "macho-truncated-command",
    "macho-wrong-cpu"
  ],
  "exactRegistryPositive": true,
  "dependenciesAndLinkPreviewModelsOnly": true,
  "actualClangBuildCalls": 0,
  "actualFDProcessGuestCalls": 0
}
