PIPELINE 0 39 5
ALLOC 6714137 149610 6714137 6863747 1 0
ROOT 11 32 2 1 2 18 8 6714137 6863747 8388608 39 5 3 3 64 0 0
SIR 8 1 2 2 2
SIR 9 18 0 0 0
SIR 10 9 2 0 0
SIR 11 4 0 1 0
SIR 12 3 1 1 0
SIR 13 6 8 0 0
SIR 14 4 1 2 0
SIR 15 6 7 0 0
SIR 16 13 1 0 1
SIR 17 19 0 0 0
SIR 18 2 2 0 0
FREC 2 0 10
FREC 2 1 20
FREC 2 2 2
FREC 2 3 2
FREC 2 4 1
FREC 2 5 1
FREC 2 6 1
FREC 2 7 0
FREC 2 8 0
FREC 2 9 0
FREC 2 10 2
FREC 2 11 0
FREC 2 12 8
FREC 2 13 5
FREC 2 14 1
FREC 2 15 2
INNER 1 1 1 1 1
INNER 2 9 1 0 0
INNER 3 4 0 1 0
INNER 4 3 1 4294967295 0
INNER 5 6 5 0 0
INNER 6 19 0 0 0
INNER 7 2 1 0 0
IFREC 1 0 6
IFREC 1 1 9
IFREC 1 2 2
IFREC 1 3 1
IFREC 1 4 1
IFREC 1 5 1
IFREC 1 6 0
IFREC 1 7 0
IFREC 1 8 0
IFREC 1 9 0
IFREC 1 10 1
IFREC 1 11 0
IFREC 1 12 1
IFREC 1 13 1
IFREC 1 14 0
IFREC 1 15 2
GUARD 11 0 0 1
END 11 777
